<?xml version="1.0" encoding="utf-8"?><testsuites><testsuite errors="0" failures="0" hostname="e71cd8b9298a" name="pytest" skipped="0" tests="2" time="0.783" timestamp="2024-04-17T23:32:34.182785"><testcase classname="tests.test_app" name="test_lister_livres_page" time="0.088" /><testcase classname="tests.test_app" name="test_home_page" time="0.024" /></testsuite></testsuites>